// Jest Snapshot v1, https://goo.gl/fbAQLP

exports[`OrgValidationText Component Matches the snapshot 1`] = `
<div>
  <h2>
    Please be advised that our system will be undergoing scheduled maintenance from 3:00pm on July 26 until 9:00am on July 29. During this time, the system will be unavailable.
     
  </h2>
  <h2>
    We apologize for any inconvenience this may cause. Thank you for your patience as we work to improve our services.
  </h2>
  <h1>
    Criminal Record Check
  </h1>
  <p>
    In British Columbia, if you work or volunteer with, or have the potential for unsupervised access to children and/or vulnerable adults, you are required to complete a criminal record check. This portal enables you to easily apply for a criminal record check under the
     
    <a
      href="http://www.bclaws.ca/EPLibraries/bclaws_new/document/ID/freeside/00_96086_01"
      rel="noopener noreferrer"
      target="_blank"
    >
      Criminal Records Review Act.
    </a>
  </p>
  <div>
    <div>
      <br />
      <h3>
        How do I submit a CRC request online?
      </h3>
      <p>
        To submit an online request for a criminal record check, you must:
      </p>
      <ul
        className="bodyList"
      >
        <li>
          Be at least 12 years of age as of today's date.
        </li>
        <li>
          Have an access code provided by your organization.
        </li>
        <li>
          Have your identity verified by using your
           
          <a
            href="https://www2.gov.bc.ca/gov/content/governments/government-id/bc-services-card"
            rel="noopener noreferrer"
            target="_blank"
          >
            BC Services Card.
          </a>
           
          The BC Services Card provides secure access to government online services.
        </li>
        <li>
          If you do not have a BC Services Card or if you live outside of the province, please contact your organization for a manual consent form.
        </li>
      </ul>
    </div>
    <div>
      <br />
      <h3>
        I'm ready
      </h3>
      <div
        style={
          Object {
            "float": "left",
            "marginRight": "30px",
          }
        }
      >
        <div>
          <label
            className="label"
            htmlFor="orgId"
          >
            <div
              className="textinput_label"
            >
              Access code
            </div>
            <span
              className="mandatory"
              id="asterisk"
            >
              *
            </span>
             
            <span
              className="note"
            />
          </label>
          <input
            className="textinput_editable_white"
            id="orgId"
            onChange={[Function]}
            type="text"
          />
          <br />
          <span
            className="error"
          />
        </div>
        <div
          style={
            Object {
              "maxWidth": "350px",
            }
          }
        >
          <p>
            Enter the access code provided by your organization. An access code is required to proceed with the online submission
            <span
              className="mandatory"
              id="asterisk"
            >
              *
            </span>
          </p>
        </div>
      </div>
      <div>
        <button
          className="btn btn-primary btn btn-sm"
          onClick={[Function]}
          type="submit"
        >
          Continue
          <div
            className="loader-hide"
          >
            <div
              className="btn-loader"
            />
          </div>
        </button>
      </div>
      <div
        style={
          Object {
            "clear": "both",
          }
        }
      />
    </div>
    <br />
    <div
      className="mt-4"
    >
      <h3>
        I need more information
      </h3>
      <ul
        className="bodyList"
      >
        <li>
          I'm an employee or a volunteer and I want to know
           
          <a
            href="http://www.rcmp-grc.gc.ca/en/types-criminal-background-checks"
            rel="noopener noreferrer"
            target="_blank"
          >
            why I need to apply for a criminal record check
          </a>
        </li>
        <li>
          <a
            href="https://www2.gov.bc.ca/gov/content/safety/crime-prevention/criminal-record-check/authorized-contacts"
            rel="noopener noreferrer"
            target="_blank"
          >
            I'm an authorized contact
          </a>
           
          who is responsible for facilitating the criminal record check for my organization
        </li>
        <li>
          <a
            href="https://www2.gov.bc.ca/gov/content/safety/crime-prevention/criminal-record-check/employer-organizations"
            rel="noopener noreferrer"
            target="_blank"
          >
            I'm an employer organization
          </a>
           
          and I want to learn more about registering with the Criminal Records Review Program (CRRP)
        </li>
        <li>
          <a
            href="https://www2.gov.bc.ca/gov/content/safety/crime-prevention/criminal-record-check/volunteer-organizations"
            rel="noopener noreferrer"
            target="_blank"
          >
            I'm a volunteer organization
          </a>
           
          and I want to register with the CRRP
        </li>
      </ul>
    </div>
    <br />
    <div>
      <h3>
        I need help
      </h3>
      <p>
        For applicants, contact your organization for your access code.
      </p>
      <p>
        For organizations, if you have a question about the online submission process or to register your organization, contact the Criminal Records Review Program (CRRP) at
         
        <a
          href="mailto:criminalrecords@gov.bc.ca"
        >
          criminalrecords@gov.bc.ca
        </a>
         
        or by phone at 1-855-587-0185 (Option 2).
      </p>
    </div>
  </div>
</div>
`;
