// Jest Snapshot v1, https://goo.gl/fbAQLP

exports[`AccessCodeSideCard Component Matches the snapshot 1`] = `
<div
  className="dashboard-spacing"
  style={
    Object {
      "position": "relative",
    }
  }
>
  <div
    className="row"
  >
    <div
      className="col-12"
      style={
        Object {
          "paddingTop": "30px",
          "position": "relative",
        }
      }
    >
      <p />
      <section
        className="bluegrey-container"
        id="bluegrey-section"
      >
        <div
          className="container-background bluegrey-heading"
        >
          <h2
            className="heading-style"
          >
            Need help with an access code?
          </h2>
        </div>
        <div
          className="bluegrey-content"
        >
          <p
            className="content-style"
          >
            Access code is specific to each organization. If you need help with the organization access code, please 
            <b>
              contact your organization.
            </b>
          </p>
        </div>
      </section>
    </div>
  </div>
</div>
`;
