// Jest Snapshot v1, https://goo.gl/fbAQLP

exports[`Menu Component Matches the snapshot of empty menu 1`] = `null`;

exports[`Menu Component Matches the snapshot of populated menu 1`] = `
<div
  className="col-12 col-md-3 "
>
  <nav
    className="navbar navbar-expand-md navbar-light"
    role="navigation"
  >
    <button
      aria-controls="leftNav"
      aria-expanded="false"
      aria-label="Toggle left navigation"
      className="navbar-toggler"
      data-target="#leftNav"
      data-toggle="collapse"
      type="button"
    >
      <span
        className="navbar-toggler-icon"
      />
    </button>
    <div
      className="collapse navbar-collapse"
      id="leftNav"
    >
      <ul
        className="menuList navbar-nav flex-column"
      >
        <li
          className="menuItem"
        >
          <a
            href="/"
            rel="noopener noreferrer"
            target="_blank"
          >
            Home
          </a>
        </li>
        <li
          className="menuItem"
        >
          <a
            href="/somewhere"
            rel="noopener noreferrer"
            target="_blank"
          >
            Somewhere
          </a>
        </li>
        <li
          className="menuItem"
        >
          <a
            href="/somewhereelse"
            rel="noopener noreferrer"
            target="_blank"
          >
            Somewhere else
          </a>
        </li>
        <li
          className="menuItem"
        >
          <a
            href="/here"
            rel="noopener noreferrer"
            target="_blank"
          >
            Somewhere with a long name for no reason
          </a>
        </li>
      </ul>
    </div>
  </nav>
</div>
`;
