// Jest Snapshot v1, https://goo.gl/fbAQLP

exports[`ApplicationForm Component Matches the snapshot 1`] = `
<DocumentFragment>
  <main>
    <header>
      <nav
        class="navbar navbar-expand-lg navbar-dark"
      >
        <div
          class="container"
        >
          <a
            class="navbar-brand"
            href="/"
          >
            <img
              alt="B.C. Government Logo"
              class="img-fluid d-none d-md-block"
              height="44"
              src="/images/bcid-logo-rev-en.svg"
              width="181"
            />
            <img
              alt="B.C. Government Logo"
              class="img-fluid d-md-none"
              height="44"
              src="/images/bcid-symbol-rev.svg"
              width="64"
            />
          </a>
          <div>
            <a
              class="navbar-brand nav-item nav-link"
              href="/"
            >
              Criminal Record Check
            </a>
          </div>
          <button
            aria-controls="navbarNavAltMarkup"
            aria-expanded="false"
            aria-label="Toggle navigation"
            class="navbar-toggler"
            data-target="#navbarNavAltMarkup"
            data-toggle="collapse"
            type="button"
          >
            <span
              class="navbar-toggler-icon"
            />
          </button>
          <div
            class="collapse navbar-collapse"
            id="navbarNavAltMarkup"
          />
        </div>
      </nav>
    </header>
    <div
      class="page"
    >
      <h1>
        Criminal Record Check - Application
      </h1>
      <p>
        Complete the application form below to continue.
      </p>
      <form
        className="simpleForm"
      >
        <h1>
          Criminal Record Check - Application
        </h1>
        <form
          class="simpleForm"
        >
          <div
            class="simpleForm_title"
          >
            PERSONAL INFORMATION
          </div>
          <ul>
            <li>
              <div>
                <label
                  class="label"
                  for="legalFirstNm"
                >
                  <div
                    class="textinput_label"
                  >
                    First Name
                  </div>
                   
                  <span
                    class="note"
                  />
                </label>
                <input
                  class="textinput_non_editable_gray"
                  id="legalFirstNm"
                  readonly=""
                  type="text"
                  value="Robert"
                />
                <span
                  class="error"
                />
              </div>
            </li>
            <li>
              <div>
                <label
                  class="label"
                  for="legalSecondNm"
                >
                  <div
                    class="textinput_label"
                  >
                    Middle Name
                  </div>
                   
                  <span
                    class="note"
                  />
                </label>
                <input
                  class="textinput_non_editable_gray"
                  id="legalSecondNm"
                  readonly=""
                  type="text"
                  value="Norman"
                />
                <span
                  class="error"
                />
              </div>
            </li>
            <li>
              <div>
                <label
                  class="label"
                  for="legalSurnameNm"
                >
                  <div
                    class="textinput_label"
                  >
                    Last Name
                  </div>
                   
                  <span
                    class="note"
                  />
                </label>
                <input
                  class="textinput_non_editable_gray"
                  id="legalSurnameNm"
                  readonly=""
                  type="text"
                  value="Ross"
                />
                <span
                  class="error"
                />
              </div>
            </li>
          </ul>
        </form>
        <div
          class="heading"
        >
          <span
            class="previousHeader"
          >
            PREVIOUS NAME 
          </span>
          <span
            class="note"
          >
            Including alias, previous name and/or birthname
          </span>
        </div>
        <form
          class="simpleForm"
        >
          Including birth name, previous name, maiden name, and/or alias
        </span>
      </div>
      <form
        className="simpleForm"
      >
        <ul>
          <li>
            <div>
              <label
                className="label"
                htmlFor="alias1First"
              >
                <div
                  className="textinput_label"
                >
                  First Name
                </div>
                
                 
                <span
                  class="error"
                />
              </div>
            </li>
            <li>
              <div>
                <label
                  class="label"
                  for="alias1Seocnd"
                >
                  <div
                    class="textinput_label"
                  >
                    Middle Name
                  </div>
                   
                  <span
                    class="note"
                  />
                </label>
                <input
                  class="textinput_editable_white"
                  id="alias1Seocnd"
                  type="text"
                  value=""
                />
                <span
                  class="error"
                />
              </div>
            </li>
            <li>
              <div>
                <label
                  class="label"
                  for="alias1Surname"
                >
                  <div
                    class="textinput_label"
                  >
                    Last Name
                  </div>
                   
                  <span
                    class="note"
                  />
                </label>
                <input
                  class="textinput_editable_white"
                  id="alias1Surname"
                  type="text"
                  value=""
                />
                <span
                  class="error"
                />
              </div>
            </li>
          </ul>
        </form>
        <span
          class="heading note previousFooter"
        >
          If you have more than one previous name, please 
          <button
            class="notAButton"
            type="button"
          >
            click here to add them
          </button>
          .
        </span>
        <form
          class="simpleForm"
        >
          <ul>
            <li>
              <div>
                <label
                  class="label"
                  for="birthLoc"
                >
                  <div
                    class="textinput_label"
                  >
                    City and Country of Birth
                  </div>
                  <span
                    class="mandatory"
                    id="asterisk"
                  >
                    *
                  </span>
                   
                  <span
                    class="note"
                  />
                </label>
                <input
                  class="textinput_editable_white"
                  id="birthLoc"
                  placeholder="City, Country"
                  type="text"
                  value=""
                />
                <span
                  class="error"
                />
              </div>
            </li>
            <li>
              <div>
                <label
                  class="label"
                  for="birthDt"
                >
                  <div
                    class="textinput_label"
                  >
                    Date of Birth
                  </div>
                   
                  <span
                    class="note"
                  />
                </label>
                <input
                  class="textinput_non_editable_gray"
                  id="birthDt"
                  readonly=""
                  type="text"
                  value="1942-10-29"
                />
                <span
                  class="error"
                />
              </div>
            </li>
            <li>
              <div>
                <label
                  class="label"
                  for="genderTxt"
                >
                  <div
                    class="textinput_label"
                  >
                    Sex
                  </div>
                   
                  <span
                    class="note"
                  />
                </label>
                <input
                  class="textinput_non_editable_gray"
                  id="genderTxt"
                  readonly=""
                  type="text"
                  value="Male"
                />
                <span
                  class="error"
                />
              </div>
            </li>
            <li>
              <div>
                <label
                  class="label"
                  for="bcDLNumber"
                >
                  <div
                    class="textinput_label"
                  >
                    BC Driver's Licence Number
                  </div>
                   
                  <span
                    class="note"
                  >
                    (Current or Expired)
                  </span>
                </label>
                <input
                  class="textinput_editable_white"
                  id="bcDLNumber"
                  type="text"
                  value=""
                />
                <span
                  class="error"
                />
              </div>
            </li>
            <li>
              <div>
                <label
                  class="label"
                  for="phoneNumber"
                >
                  <div
                    class="textinput_label"
                  >
                    Primary Phone Number
                  </div>
                  <span
                    class="mandatory"
                    id="asterisk"
                  >
                    *
                  </span>
                   
                  <span
                    class="note"
                  >
                    (Include area code)
                  </span>
                </label>
                <input
                  class="textinput_editable_white"
                  id="phoneNumber"
                  placeholder="123 456 7890"
                  type="text"
                  value=""
                />
                <span
                  class="error"
                />
              </div>
            </li>
            <li>
              <div>
                <label
                  class="label"
                  for="emailAddress"
                >
                  <div
                    class="textinput_label"
                  >
                    Personal Email Address
                  </div>
                  <span
                    class="mandatory"
                    id="asterisk"
                  >
                    *
                  </span>
                   
                  <span
                    class="note"
                  >
                    We may use this to communicate with you about your application.
                  </span>
                </label>
                <input
                  class="textinput_editable_white"
                  id="emailAddress"
                  placeholder="example@test.com"
                  type="text"
                  value=""
                />
                <span
                  class="error"
                />
              </div>
            </li>
          </ul>
        </form>
        <form
          class="simpleForm"
        >
          <div
            class="simpleForm_title"
          >
            Position Information
          </div>
          <ul>
            <li>
              <div>
                <label
                  class="label"
                  for="applicantPosition"
                >
                  <div
                    class="textinput_label"
                  >
                    Applicant's position/Job Title
                  </div>
                  <span
                    class="mandatory"
                    id="asterisk"
                  >
                    *
                  </span>
                   
                  <span
                    class="note"
                  />
                </label>
                <input
                  class="textinput_editable_white"
                  id="applicantPosition"
                  placeholder="Position/Job Title"
                  type="text"
                  value=""
                />
                <span
                  class="error"
                />
              </div>
            </li>
            <li>
              <div>
                <label
                  class="label"
                  for="organizationFacility"
                >
                  <div
                    class="textinput_label"
                  >
                    Organization Facility
                  </div>
                  <span
                    class="mandatory"
                    id="asterisk"
                  >
                    *
                  </span>
                   
                  <span
                    class="note"
                  >
                    (Licenced Child Care Name, Adult Care Facility Name, or Contracted Company Name)
                  </span>
                </label>
                <input
                  class="textinput_editable_white"
                  id="organizationFacility"
                  placeholder="Organization Facility"
                  type="text"
                  value=""
                />
                <span
                  class="error"
                />
              </div>
            </li>
          </ul>
        </form>
        <form
          class="simpleForm"
        >
          <div
            class="simpleForm_title"
          >
            Current Street Address
          </div>
          <ul>
            <li>
              <div>
                <label
                  class="label"
                  for="addressLine1"
                >
                  <div
                    class="textinput_label"
                  >
                    Street
                  </div>
                   
                  <span
                    class="note"
                  />
                </label>
                <input
                  class="textinput_non_editable_gray"
                  id="addressLine1"
                  readonly=""
                  type="text"
                  value="123 Somewhere"
                />
                <span
                  class="error"
                />
              </div>
            </li>
            <li>
              <div>
                <label
                  class="label"
                  for="cityNm"
                >
                  <div
                    class="textinput_label"
                  >
                    City
                  </div>
                   
                  <span
                    class="note"
                  />
                </label>
                <input
                  class="textinput_non_editable_gray"
                  id="cityNm"
                  readonly=""
                  type="text"
                  value="Here"
                />
                <span
                  class="error"
                />
              </div>
            </li>
            <li>
              <div>
                <label
                  class="label"
                  for="provinceNm"
                >
                  <div
                    class="textinput_label"
                  >
                    Province
                  </div>
                   
                  <span
                    class="note"
                  />
                </label>
                <input
                  class="textinput_non_editable_gray"
                  id="provinceNm"
                  readonly=""
                  type="text"
                  value="British Columbia"
                />
                <span
                  class="error"
                />
              </div>
            </li>
            <li>
              <div>
                <label
                  class="label"
                  for="postalCodeTxt"
                >
                  <div
                    class="textinput_label"
                  >
                    Postal Code
                  </div>
                   
                  <span
                    class="note"
                  />
                </label>
                <input
                  class="textinput_non_editable_gray"
                  id="postalCodeTxt"
                  readonly=""
                  type="text"
                  value="V9V 9V9"
                />
                <span
                  className="note"
                >
                  (Licenced Child Care Name, Adult Care Facility Name, or Contracted Company Name)
                </span>
              </label>
              <input
                className="textinput_editable_white"
                defaultValue=""
                id="organizationFacility"
                onChange={[Function]}
                placeholder="Organization Facility"
                type="text"
              />
              <span
                className="error"
              >
                
              </span>
            </div>
          </li>
        </ul>
      </form>
      <div
        className="smallHeading"
      >
        <span
          className="simpleForm_title"
        >
          Addresses
        </span>
      </div>
      <div
        className="heading"
      >
        <span
          className="previousHeader"
        >
          Current Residential Address
        </span>
      </div>
      <form
        className="simpleForm"
      >
        <ul>
          <li>
            <div>
              <label
                className="label"
                htmlFor="addressLine1"
              >
                <div
                  className="textinput_label"
                >
                  Street
                </div>
                
                 
                <span
                  className="note"
                />
              </label>
              <input
                className="textinput_non_editable_gray"
                defaultValue="123 Somewhere"
                id="addressLine1"
                onChange={[Function]}
                readOnly={true}
                type="text"
              />
              <span
                className="error"
              />
            </div>
          </li>
          <li>
            <div>
              <label
                className="label"
                htmlFor="cityNm"
              >
                <div
                  className="textinput_label"
                >
                  City
                </div>
                
                 
                <span
                  className="note"
                />
              </label>
              <input
                className="textinput_non_editable_gray"
                defaultValue="Here"
                id="cityNm"
                onChange={[Function]}
                readOnly={true}
                type="text"
              />
              <span
                className="error"
              />
            </div>
          </li>
          <li>
            <div>
              <label
                className="label"
                htmlFor="provinceNm"
              >
                <div
                  className="textinput_label"
                >
                  Province
                </div>
                
                 
                <span
                  className="note"
                />
              </label>
              <input
                className="textinput_non_editable_gray"
                defaultValue="British Columbia"
                id="provinceNm"
                onChange={[Function]}
                readOnly={true}
                type="text"
              />
              <span
                className="error"
              />
            </div>
          </li>
          <li>
            <div>
              <label
                className="label"
                htmlFor="postalCodeTxt"
              >
                <div
                  className="textinput_label"
                >
                  Postal Code
                </div>
                
                 
                <span
                  className="note"
                />
              </label>
              <input
                className="textinput_non_editable_gray"
                defaultValue="V9V 9V9"
                id="postalCodeTxt"
                onChange={[Function]}
                readOnly={true}
                type="text"
              />
              <span
                className="error"
              />
            </div>
          </li>
          <li>
            <div>
              <label
                className="label"
                htmlFor="countryNm"
              >
                <div
                  className="textinput_label"
                >
                  Country
                </div>
                
                 
                <span
                  className="note"
                />
              </label>
              <input
                className="textinput_non_editable_gray"
                defaultValue="Canada"
                id="countryNm"
                onChange={[Function]}
                readOnly={true}
                type="text"
              />
              <span
                className="error"
              />
            </div>
          </li>
        </ul>
      </form>
      <p>
        Is your current mailing address the same as your current residential address? 
        <span>
          Yes
        </span>
        <input
          checked={true}
          data-testid="sameAddress"
          id="yes"
          onChange={[Function]}
          type="radio"
        />
        <span>
          No
        </span>
        <input
          checked={false}
          data-testid="differentAddress"
          id="no"
          onChange={[Function]}
          type="radio"
        />
      </p>
      <form
        className="simpleForm"
      >
        <div
          className="simpleForm_title"
        >
          Current Mailing Address
        </div>
        <ul>
          <li>
            <div>
              <label
                className="label"
                htmlFor="mailingAddressLine1"
              >
                <div
                  className="textinput_label"
                >
                  Street
                </div>
                <span
                  className="mandatory"
                  id="asterisk"
                >
                  *
                </span>
                 
                <span
                  className="note"
                />
              </label>
              <input
                className="textinput_editable_white"
                defaultValue=""
                id="mailingAddressLine1"
                onChange={[Function]}
                placeholder="Street or PO Box"
                type="text"
              />
              <span
                className="error"
              >
                
              </span>
            </div>
          </li>
          <li>
            <div>
              <label
                className="label"
                htmlFor="mailingCityNm"
              >
                <div
                  className="textinput_label"
                >
                  City
                </div>
                <span
                  className="mandatory"
                  id="asterisk"
                >
                  *
                </span>
                 
                <span
                  className="note"
                />
              </label>
              <input
                className="textinput_editable_white"
                defaultValue=""
                id="mailingCityNm"
                onChange={[Function]}
                placeholder="City"
                type="text"
              />
              <span
                className="error"
              >
                
              </span>
            </div>
          </li>
          <li>
            <div>
              <label
                className="label"
                htmlFor="mailingProvinceNm"
              >
                <div
                  className="textinput_label"
                >
                  Province
                </div>
                <span
                  className="mandatory"
                  id="asterisk"
                >
                  *
                </span>
                 
                <span
                  className="note"
                />
              </label>
              <select
                className="textinput_editable_white"
                id="mailingProvinceNm"
                onChange={[Function]}
                value=""
              />
            </div>
          </li>
          <li>
            <div>
              <label
                className="label"
                htmlFor="mailingPostalCodeTxt"
              >
                <div
                  className="textinput_label"
                >
                  Postal Code
                </div>
                <span
                  className="mandatory"
                  id="asterisk"
                >
                  *
                </span>
                 
                <span
                  className="note"
                />
              </label>
              <input
                className="textinput_editable_white"
                defaultValue=""
                id="mailingPostalCodeTxt"
                onChange={[Function]}
                placeholder="V9V 9V9"
                type="text"
              />
              <span
                className="error"
              >
                
              </span>
            </div>
          </li>
          <li>
            <div>
              <label
                className="label"
                htmlFor="mailingCountryNm"
              >
                <div
                  className="textinput_label"
                >
                  Country
                </div>
                
                 
                <span
                  className="note"
                />
              </label>
              <input
                className="textinput_non_editable_gray"
                defaultValue="Canada"
                id="mailingCountryNm"
                onChange={[Function]}
                readOnly={true}
                type="text"
              />
              <span
                className="error"
              />
            </div>
          </li>
        </ul>
      </form>
      <section>
        Entering your mailing address in this application will not update your BC Services Card Address. To update your BC Services Card information you must contact 
        <a
          href="https://www2.gov.bc.ca/gov/content/governments/organizational-structure/ministries-organizations/ministries/citizens-services/servicebc"
        >
          Service BC
        </a>
        , 
        <a
          href="https://www.icbc.com/Pages/default.aspx"
        >
          ICBC
        </a>
         or 
        <a
          href="https://www.addresschange.gov.bc.ca/"
        >
          AddressChangeBC
        </a>
      </section>
      <div
        class="sidecard"
      >
        <div>
          <div
            class="dashboard-spacing"
            style="position: relative;"
          >
            <div
              class="row"
            >
              <div
                class="col-12"
                style="position: relative; padding-top: 30px;"
              >
                <p />
                <section
                  class="submit-container"
                  id="blue-section"
                >
                  <h2
                    class="heading-style"
                  >
                    Update your personal information
                  </h2>
                  <div
                    class="submit-content"
                  >
                    <span>
                      If you find an error in your personal information, please contact 
                      <a
                        class="link"
                        href="https://www2.gov.bc.ca/gov/content/governments/organizational-structure/ministries-organizations/ministries/citizens-services/servicebc"
                      >
                        Service BC
                      </a>
                       ,
                      <a
                        class="link"
                        href="https://www.icbc.com/Pages/default.aspx"
                      >
                        ICBC
                      </a>
                       or 
                      <a
                        class="link"
                        href="https://www.addresschange.gov.bc.ca/"
                      >
                        AddressChangeBC
                      </a>
                       to correct it.
                    </span>
                  </div>
                </section>
              </div>
            </div>
          </div>
        </div>
        <div>
          <div
            class="wide-dashboard-spacing"
            style="position: relative;"
          >
            <div
              class="row"
            >
              <div
                class="col-12"
                style="position: relative; padding-top: 30px;"
              >
                <p />
                <section
                  class="submit-container"
                  id="notice-section"
                  style="background-color: rgb(242, 242, 242); color: rgb(0, 0, 0);"
                >
                  <h2
                    style="color: rgb(0, 0, 0);"
                  >
                    Collection Notice
                  </h2>
                  <div
                    class="submit-content"
                  >
                    <span>
                      <div
                        style="font-size: 12px;"
                      >
                        The Security Programs Division will collect your personal information for the purpose of fulfilling the criminal record check requirements of the Criminal Records Review Act (CRRA) and in accordance with sections 26(a) and (c) of the Freedom of Information and Protection of Privacy Act (FoIPPA) and section 6 of the CRRA . Additionally, SPD may collect personal information under section 26(e) of FoIPPA for the purpose of evaluating the Criminal Records Review Program and activities to better serve you. Should you have any questions about the collection, use, or disclosure of personal information, please contact the Criminal Records Review Program, Security Programs Division via mail to PO Box 9217 Stn Prov Govt Victoria, BC V8W 9J1; email to 
                        <a
                          href="mailto:criminalrecords@gov.bc.ca"
                        >
                          criminalrecords@gov.bc.ca
                        </a>
                         or by telephone at 1- 855-587-0185 (option 2).
                      </div>
                    </span>
                  </div>
                </section>
              </div>
            </div>
          </div>
        </div>
      </div>
    </div>
    <footer
      class="footer"
    >
      <nav
        class="navbar navbar-expand-lg navbar-dark"
      >
        <div
          class="container"
        >
          <ul
            class="navbar-nav"
          >
            <li
              class="nav-item"
            >
              <a
                class="nav-link"
                href="https://www2.gov.bc.ca/gov/content/home/disclaimer"
                rel="noopener noreferrer"
                target="_blank"
              >
                Disclaimer
              </a>
            </li>
            <li
              class="nav-item"
            >
              <a
                class="nav-link"
                href="https://www2.gov.bc.ca/gov/content/home/privacy"
                rel="noopener noreferrer"
                target="_blank"
              >
                Privacy
              </a>
            </li>
            <li
              class="nav-item"
            >
              <a
                class="nav-link"
                href="https://www2.gov.bc.ca/gov/content/home/accessibility"
                rel="noopener noreferrer"
                target="_blank"
              >
                Accessibility
              </a>
            </li>
            <li
              class="nav-item"
            >
              <a
                class="nav-link"
                href="https://www2.gov.bc.ca/gov/content/home/copyright"
                rel="noopener noreferrer"
                target="_blank"
              >
                Copyright
              </a>
            </li>
            <li
              class="nav-item"
            >
              <a
                class="nav-link"
                href="https://www2.gov.bc.ca/gov/content/home/contact-us"
                rel="noopener noreferrer"
                target="_blank"
              >
                Contact Us
              </a>
            </li>
          </ul>
        </div>
      </nav>
    </footer>
  </main>
</DocumentFragment>
`;
