// Jest Snapshot v1, https://goo.gl/fbAQLP

exports[`Error Component Matches the snapshot 1`] = `
<main>
  <header>
    <nav
      className="navbar navbar-expand-lg navbar-dark"
    >
      <div
        className="container-fluid navbar-brand pointer"
        onClick={[Function]}
        onKeyDown={[Function]}
        role="button"
        tabIndex={0}
      >
        <img
          alt="B.C. Government Logo"
          className="img-fluid d-none d-md-block"
          height="44"
          src="/images/bcid-logo-rev-en.svg"
          width="181"
        />
        <img
          alt="B.C. Government Logo"
          className="img-fluid d-md-none"
          height="44"
          src="/images/bcid-symbol-rev.svg"
          width="64"
        />
        <div
          className="pointer navbar-brand nav-item nav-link"
          onClick={[Function]}
          onKeyDown={[Function]}
          role="button"
          tabIndex={0}
        >
          Criminal Record Check
        </div>
        <button
          aria-controls="navbarNavAltMarkup"
          aria-expanded="false"
          aria-label="Toggle navigation"
          className="navbar-toggler"
          data-target="#navbarNavAltMarkup"
          data-toggle="collapse"
          type="button"
        >
          <span
            className="navbar-toggler-icon"
          />
        </button>
        <div
          className="collapse navbar-collapse"
          id="navbarNavAltMarkup"
        />
      </div>
    </nav>
  </header>
  <div
    className="page"
  >
    <div
      className="content col-md-8"
    >
      <div>
        <h1>
          Unauthorized Entry
        </h1>
        <br />
        <p>
          Unauthorized user entry, please return to the home page and begin your session again.
        </p>
      </div>
      <div
        className="buttons"
      >
        <button
          className="btn ecrc_go_btn btn"
          onClick={[Function]}
          type="submit"
        >
          Home
          <div
            className="loader-hide"
          >
            <div
              className="btn-loader"
            />
          </div>
        </button>
      </div>
    </div>
  </div>
  <footer
    className="footer"
  >
    <nav
      className="navbar navbar-expand-sm navbar-dark justify-content-end"
    >
      <button
        className="navbar-toggler"
        data-target="#footerBar"
        data-toggle="collapse"
        type="button"
      >
        <span
          className="navbar-toggler-icon"
        />
      </button>
      <div
        className="collapse navbar-collapse flex-grow-0"
        id="footerBar"
      >
        <ul
          className="navbar-nav text-right"
        >
          <li
            className="nav-item m-1"
          >
            <a
              className="nav-link"
              href="https://www2.gov.bc.ca/gov/content/home/disclaimer"
              rel="noopener noreferrer"
              target="_blank"
            >
              Disclaimer
            </a>
          </li>
          <li
            className="nav-item m-1"
          >
            <a
              className="nav-link"
              href="https://www2.gov.bc.ca/gov/content/home/privacy"
              rel="noopener noreferrer"
              target="_blank"
            >
              Privacy
            </a>
          </li>
          <li
            className="nav-item m-1"
          >
            <a
              className="nav-link"
              href="https://www2.gov.bc.ca/gov/content/home/accessibility"
              rel="noopener noreferrer"
              target="_blank"
            >
              Accessibility
            </a>
          </li>
          <li
            className="nav-item m-1"
          >
            <a
              className="nav-link"
              href="https://www2.gov.bc.ca/gov/content/home/copyright"
              rel="noopener noreferrer"
              target="_blank"
            >
              Copyright
            </a>
          </li>
          <li
            className="nav-item m-1"
          >
            <a
              className="nav-link"
              href="https://www2.gov.bc.ca/gov/content/home/contact-us"
              rel="noopener noreferrer"
              target="_blank"
            >
              Contact Us
            </a>
          </li>
        </ul>
      </div>
    </nav>
  </footer>
</main>
`;
