// Jest Snapshot v1, https://goo.gl/fbAQLP

exports[`InformationReview Component Matches the snapshot 1`] = `
<main>
  <header>
    <nav
      className="navbar navbar-expand-lg navbar-dark"
    >
      <div
        className="container"
      >
        <a
          className="navbar-brand"
          href="/"
        >
          <img
            alt="B.C. Government Logo"
            className="img-fluid d-none d-md-block"
            height="44"
            src="/images/bcid-logo-rev-en.svg"
            width="181"
          />
          <img
            alt="B.C. Government Logo"
            className="img-fluid d-md-none"
            height="44"
            src="/images/bcid-symbol-rev.svg"
            width="64"
          />
        </a>
        <div>
          <a
            className="navbar-brand nav-item nav-link"
            href="/"
          >
            Criminal Record Check
          </a>
        </div>
        <button
          aria-controls="navbarNavAltMarkup"
          aria-expanded="false"
          aria-label="Toggle navigation"
          className="navbar-toggler"
          data-target="#navbarNavAltMarkup"
          data-toggle="collapse"
          type="button"
        >
          <span
            className="navbar-toggler-icon"
          />
        </button>
        <div
          className="collapse navbar-collapse"
          id="navbarNavAltMarkup"
        />
      </div>
    </nav>
  </header>
  <div
    className="page"
  >
    <div
      className="content col-md-8"
    >
      <h1>
        Information Review
      </h1>
      <p>
        Please confirm that the information provided below is accurate. If it is not, please select Edit Application.
      </p>
      <table>
        <thead>
          <tr>
            <th
              colSpan="2"
            >
              PERSONAL INFORMATION
            </th>
          </tr>
        </thead>
        <tbody>
          <tr>
            <td>
              First Name
            </td>
            <td>
              Robert
            </td>
          </tr>
          <tr>
            <td>
              Middle Name
            </td>
            <td>
              Norman
            </td>
          </tr>
          <tr>
            <td>
              Last Name
            </td>
            <td>
              Ross
            </td>
          </tr>
          <tr>
            <td>
              City and Country of Birth
            </td>
            <td>
              Daytona Beach, Florida
            </td>
          </tr>
          <tr>
            <td>
              Birth Date
            </td>
            <td>
              1942-10-29
            </td>
          </tr>
          <tr>
            <td>
              Sex
            </td>
            <td>
              Male
            </td>
          </tr>
          <tr>
            <td>
              BC Driver's Licence
            </td>
            <td>
              1234567
            </td>
          </tr>
        </tbody>
      </table>
      <table>
        <thead>
          <tr>
            <th
              colSpan="2"
            >
              <div>
                PREVIOUS NAMES
                <span
                  className="smallTableHeader"
                >
                  (Including birth name, previous name, maiden name, and alias)
                </span>
              </div>
            </th>
          </tr>
        </thead>
        <tbody>
          <tr>
            <td>
              First Name
            </td>
            <td>
              Robert
            </td>
          </tr>
          <tr>
            <td>
              Middle Name
            </td>
            <td>
              Norman
            </td>
          </tr>
          <tr>
            <td>
              Last Name
            </td>
            <td>
              Ross
            </td>
          </tr>
          <tr>
            <td>
              First Name
            </td>
            <td>
              Robert
            </td>
          </tr>
          <tr>
            <td>
              Middle Name
            </td>
            <td>
              Norman
            </td>
          </tr>
          <tr>
            <td>
              Last Name
            </td>
            <td>
              Ross
            </td>
          </tr>
          <tr>
            <td>
              First Name
            </td>
            <td>
              Robert
            </td>
          </tr>
          <tr>
            <td>
              Middle Name
            </td>
            <td>
              Norman
            </td>
          </tr>
          <tr>
            <td>
              Last Name
            </td>
            <td>
              Ross
            </td>
          </tr>
        </tbody>
      </table>
      <table>
        <thead>
          <tr>
            <th
              colSpan="2"
            >
              POSITION WITH ORGANIZATION
            </th>
          </tr>
        </thead>
        <tbody>
          <tr>
            <td>
              Your Position/Job Title
            </td>
            <td>
              Painter
            </td>
          </tr>
          <tr>
            <td>
              Organization Facility
            </td>
            <td>
              Something
            </td>
          </tr>
        </tbody>
      </table>
      <table>
        <thead>
          <tr>
            <th
              colSpan="2"
            >
              CONTACT INFORMATION
            </th>
          </tr>
        </thead>
        <tbody>
          <tr>
            <td>
              Residential Address
            </td>
            <td>
              123 Somewhere
            </td>
          </tr>
          <tr>
            <td>
              City
            </td>
            <td>
              Here
            </td>
          </tr>
          <tr>
            <td>
              Province
            </td>
            <td>
              British Columbia
            </td>
          </tr>
          <tr>
            <td>
              Postal Code
            </td>
            <td>
              V9V 9V9
            </td>
          </tr>
          <tr>
            <td>
              Country
            </td>
            <td>
              Canada
            </td>
          </tr>
          <tr>
            <td>
              Primary Phone Number
            </td>
            <td>
              2501234567
            </td>
          </tr>
          <tr>
            <td>
              Personal Email Address
            </td>
            <td>
              bob.ross@example.com
            </td>
          </tr>
        </tbody>
      </table>
      <table>
        <thead>
          <tr>
            <th
              colSpan="2"
            >
              MAILING ADDRESS
            </th>
          </tr>
        </thead>
        <tbody>
          <tr>
            <td>
              Mailing Address
            </td>
            <td>
              456 Elsewhere
            </td>
          </tr>
          <tr>
            <td>
              City
            </td>
            <td>
              There
            </td>
          </tr>
          <tr>
            <td>
              Province
            </td>
            <td>
              Ontario
            </td>
          </tr>
          <tr>
            <td>
              Postal Code
            </td>
            <td>
              V1V 1A1
            </td>
          </tr>
          <tr>
            <td>
              Country
            </td>
            <td>
              Canada
            </td>
          </tr>
        </tbody>
      </table>
      <div
        className="declareTitle"
      >
        DECLARATION
      </div>
      <section
        className="declareSection"
      >
        <input
          onClick={[Function]}
          type="checkbox"
        />
        <span
          className="declaration-cb"
        >
          I certify that, to the best of my knowledge, the information I have provided on my application is complete, honest and accurate. Any false statements or deliberate omissions on a consent form filed with the CRRP may result in the inability of the CRRP to accurately determine whether the applicant poses a risk to children or vulnerable adults.
        </span>
      </section>
      <div
        className="buttons"
      >
        <button
          className="btn ecrc_accessary_btn btn btn-sm"
          onClick={[Function]}
          type="submit"
        >
          EDIT APPLICATION
        </button>
        <button
          className="btn ecrc_go_btn btn btn-sm"
          disabled={true}
          onClick={[Function]}
          type="submit"
        >
          SUBMIT
        </button>
      </div>
    </div>
    <div
      className="sidecard"
    >
      <div>
        <div
          className="dashboard-spacing"
          style={
            Object {
              "position": "relative",
            }
          }
        >
          <div
            className="row"
          >
            <div
              className="col-12"
              style={
                Object {
                  "paddingTop": "30px",
                  "position": "relative",
                }
              }
            >
              <p />
              <section
                className="submit-container"
                id="blue-section"
              >
                <h2
                  className="heading-style"
                >
                  Update your personal information
                </h2>
                <div
                  className="submit-content"
                >
                  <span>
                    If you find an error with your:
                    <ul
                      className="discStyle"
                    >
                      <li>
                        FIRST NAME
                      </li>
                      <li>
                        MIDDLE NAME
                      </li>
                      <li>
                        LAST NAME
                      </li>
                      <li>
                        DATE OF BIRTH
                      </li>
                      <li>
                        SEX
                      </li>
                      <li>
                        CURRENT STREET ADDRESS
                      </li>
                    </ul>
                    Please contact either 
                    <a
                      className="link"
                      href="https://www2.gov.bc.ca/gov/content/governments/organizational-structure/ministries-organizations/ministries/citizens-services/servicebc"
                    >
                      Service BC
                    </a>
                     ,
                    <a
                      className="link"
                      href="https://www.icbc.com/Pages/default.aspx"
                    >
                      ICBC
                    </a>
                     or 
                    <a
                      className="link"
                      href="https://www.addresschange.gov.bc.ca/"
                    >
                      AddressChangeBC
                    </a>
                     to correct it.
                  </span>
                </div>
              </section>
            </div>
          </div>
        </div>
      </div>
    </div>
  </div>
  <footer
    className="footer"
    style={Object {}}
  >
    <nav
      className="navbar navbar-expand-lg navbar-dark"
    >
      <div
        className="container"
      >
        <ul
          className="navbar-nav"
        >
          <li
            className="nav-item"
          >
            <a
              className="nav-link"
              href="https://www2.gov.bc.ca/gov/content/home/disclaimer"
              rel="noopener noreferrer"
              target="_blank"
            >
              Disclaimer
            </a>
          </li>
          <li
            className="nav-item"
          >
            <a
              className="nav-link"
              href="https://www2.gov.bc.ca/gov/content/home/privacy"
              rel="noopener noreferrer"
              target="_blank"
            >
              Privacy
            </a>
          </li>
          <li
            className="nav-item"
          >
            <a
              className="nav-link"
              href="https://www2.gov.bc.ca/gov/content/home/accessibility"
              rel="noopener noreferrer"
              target="_blank"
            >
              Accessibility
            </a>
          </li>
          <li
            className="nav-item"
          >
            <a
              className="nav-link"
              href="https://www2.gov.bc.ca/gov/content/home/copyright"
              rel="noopener noreferrer"
              target="_blank"
            >
              Copyright
            </a>
          </li>
          <li
            className="nav-item"
          >
            <a
              className="nav-link"
              href="https://www2.gov.bc.ca/gov/content/home/contact-us"
              rel="noopener noreferrer"
              target="_blank"
            >
              Contact Us
            </a>
          </li>
        </ul>
      </div>
    </nav>
  </footer>
</main>
`;
