// Jest Snapshot v1, https://goo.gl/fbAQLP

exports[`InformationReview Component Matches the snapshot 1`] = `
<main>
  <header>
    <nav
      className="navbar navbar-expand-lg navbar-dark"
    >
      <div
        className="container"
      >
        <a
          className="navbar-brand"
          href="/"
        >
          <img
            alt="B.C. Government Logo"
            className="img-fluid d-none d-md-block"
            height="44"
            src="/images/bcid-logo-rev-en.svg"
            width="181"
          />
          <img
            alt="B.C. Government Logo"
            className="img-fluid d-md-none"
            height="44"
            src="/images/bcid-symbol-rev.svg"
            width="64"
          />
        </a>
        <div>
          <a
            className="navbar-brand nav-item nav-link"
            href="/"
          >
            Criminal Record Check
          </a>
        </div>
        <button
          aria-controls="navbarNavAltMarkup"
          aria-expanded="false"
          aria-label="Toggle navigation"
          className="navbar-toggler"
          data-target="#navbarNavAltMarkup"
          data-toggle="collapse"
          type="button"
        >
          <span
            className="navbar-toggler-icon"
          />
        </button>
        <div
          className="collapse navbar-collapse"
          id="navbarNavAltMarkup"
        />
      </div>
    </nav>
  </header>
  <div
    className="page"
  >
    <div
      className="content col-md-8"
    >
      <h1>
        Information Review
      </h1>
      <p>
        TEXT TO BE CONFIRMED
      </p>
      <p>
        Please confirm that the information provided s accurate. If it is not, please do NOT proceed and contact __________
      </p>
      <table>
        <thead>
          <tr>
            <th
              colSpan="2"
            >
              PERSONAL INFORMATION
            </th>
          </tr>
        </thead>
        <tbody>
          <tr>
            <td>
              First Name
            </td>
            <td>
              Robert
            </td>
          </tr>
          <tr>
            <td>
              Middle Name
            </td>
            <td>
              Norman
            </td>
          </tr>
          <tr>
            <td>
              Last Name
            </td>
            <td>
              Ross
            </td>
          </tr>
          <tr>
            <td>
              City and Country of Birth
            </td>
            <td>
              Daytona Beach, Florida
            </td>
          </tr>
          <tr>
            <td>
              Birth Date
            </td>
            <td>
              1942-10-29
            </td>
          </tr>
          <tr>
            <td>
              Sex
            </td>
            <td>
              Male
            </td>
          </tr>
          <tr>
            <td>
              BC Driver's Licence
            </td>
            <td>
              1234567
            </td>
          </tr>
        </tbody>
      </table>
      <table>
        <thead>
          <tr>
            <th
              colSpan="2"
            >
              PREVIOUS NAMES
            </th>
          </tr>
        </thead>
        <tbody>
          <tr>
            <td>
              First Name
            </td>
            <td>
              Robert
            </td>
          </tr>
          <tr>
            <td>
              Middle Name
            </td>
            <td>
              Norman
            </td>
          </tr>
          <tr>
            <td>
              Last Name
            </td>
            <td>
              Ross
            </td>
          </tr>
          <tr>
            <td>
              First Name
            </td>
            <td>
              Robert
            </td>
          </tr>
          <tr>
            <td>
              Middle Name
            </td>
            <td>
              Norman
            </td>
          </tr>
          <tr>
            <td>
              Last Name
            </td>
            <td>
              Ross
            </td>
          </tr>
          <tr>
            <td>
              First Name
            </td>
            <td>
              Robert
            </td>
          </tr>
          <tr>
            <td>
              Middle Name
            </td>
            <td>
              Norman
            </td>
          </tr>
          <tr>
            <td>
              Last Name
            </td>
            <td>
              Ross
            </td>
          </tr>
        </tbody>
      </table>
      <table>
        <thead>
          <tr>
            <th
              colSpan="2"
            >
              POSITION WITH ORGANIZATION
            </th>
          </tr>
        </thead>
        <tbody>
          <tr>
            <td>
              Your Position/Job Title
            </td>
            <td>
              Painter
            </td>
          </tr>
          <tr>
            <td>
              Organization Facility
            </td>
            <td>
              Something
            </td>
          </tr>
        </tbody>
      </table>
      <table>
        <thead>
          <tr>
            <th
              colSpan="2"
            >
              CONTACT INFORMATION
            </th>
          </tr>
        </thead>
        <tbody>
          <tr>
            <td>
              Street
            </td>
            <td>
              123 Somewhere
            </td>
          </tr>
          <tr>
            <td>
              City
            </td>
            <td>
              Here
            </td>
          </tr>
          <tr>
            <td>
              Province
            </td>
            <td>
              British Columbia
            </td>
          </tr>
          <tr>
            <td>
              Postal Code
            </td>
            <td>
              V9V 9V9
            </td>
          </tr>
          <tr>
            <td>
              Country
            </td>
            <td>
              Canada
            </td>
          </tr>
          <tr>
            <td>
              Primary Phone Number
            </td>
            <td>
              2501234567
            </td>
          </tr>
          <tr>
            <td>
              Personal Email Address
            </td>
            <td>
              bob.ross@example.com
            </td>
          </tr>
        </tbody>
      </table>
      <div
        className="declareTitle"
      >
        DECLARATION
      </div>
      <section
        className="declareSection"
      >
        <input
          onClick={[Function]}
          type="checkbox"
        />
        <span
          className="declaration-cb"
        >
          I certify that, to the best of my knowledge, the information I have provided on my application and will provide as necessary is complete, honest and accurate. I understand that a false statement or omission of facts herein may lead to a denial of a cannabis workers registration. I am also aware that later discovery of an omission or misrepresentation may be grounds for any finding of suitability to be suspended or revoked.
        </span>
      </section>
      <div
        className="buttons"
      >
        <button
          className="btn ecrc_accessary_btn btn btn-sm"
          onClick={[Function]}
          type="submit"
        >
          EDIT APPLICATION
        </button>
        <button
          className="btn ecrc_go_btn btn btn-sm"
          disabled={true}
          onClick={[Function]}
          type="submit"
        >
          SUBMIT
        </button>
      </div>
    </div>
    <div
      className="sidecard"
    >
      <div>
        <div
          className="dashboard-spacing"
          style={
            Object {
              "position": "relative",
            }
          }
        >
          <div
            className="row"
          >
            <div
              className="col-12"
              style={
                Object {
                  "paddingTop": "30px",
                  "position": "relative",
                }
              }
            >
              <p />
              <section
                className="submit-container"
                id="blue-section"
              >
                <h2
                  className="heading-style"
                >
                  <div
                    className="row"
                  >
                    <div
                      className="round-icon-wrapper"
                    >
                      <svg
                        className="side-card-icon"
                        fill="currentColor"
                        height="1em"
                        stroke="currentColor"
                        strokeWidth="0"
                        style={
                          Object {
                            "color": undefined,
                          }
                        }
                        viewBox="0 0 384 512"
                        width="1em"
                        xmlns="http://www.w3.org/2000/svg"
                      >
                        <path
                          d="M202.021 0C122.202 0 70.503 32.703 29.914 91.026c-7.363 10.58-5.093 25.086 5.178 32.874l43.138 32.709c10.373 7.865 25.132 6.026 33.253-4.148 25.049-31.381 43.63-49.449 82.757-49.449 30.764 0 68.816 19.799 68.816 49.631 0 22.552-18.617 34.134-48.993 51.164-35.423 19.86-82.299 44.576-82.299 106.405V320c0 13.255 10.745 24 24 24h72.471c13.255 0 24-10.745 24-24v-5.773c0-42.86 125.268-44.645 125.268-160.627C377.504 66.256 286.902 0 202.021 0zM192 373.459c-38.196 0-69.271 31.075-69.271 69.271 0 38.195 31.075 69.27 69.271 69.27s69.271-31.075 69.271-69.271-31.075-69.27-69.271-69.27z"
                        />
                      </svg>
                    </div>
                    <div
                      className="sideCardTitle textAlign"
                    >
                      Useful Links
                    </div>
                  </div>
                </h2>
                <div
                  className="submit-content"
                >
                  <span>
                    <li
                      className="menuItem"
                    >
                      <a
                        href="/tbd"
                      >
                        I'm an employee or volunteer
                      </a>
                    </li>
                    <li
                      className="menuItem"
                    >
                      <a
                        href="https://www2.gov.bc.ca/gov/content/safety/crime-prevention/criminal-record-check/electronic-identity-verification-eiv"
                      >
                        Electronic Identity Verification (EIV)
                      </a>
                    </li>
                    <li
                      className="menuItem"
                    >
                      <a
                        href="https://www2.gov.bc.ca/gov/content/safety/crime-prevention/criminal-record-check/results-and-reconsiderations"
                      >
                        Results and Reconsideration
                      </a>
                    </li>
                  </span>
                </div>
              </section>
            </div>
          </div>
        </div>
      </div>
      <div>
        <div
          className="wide-dashboard-spacing"
          style={
            Object {
              "position": "relative",
            }
          }
        >
          <div
            className="row"
          >
            <div
              className="col-12"
              style={
                Object {
                  "paddingTop": "30px",
                  "position": "relative",
                }
              }
            >
              <p />
              <section
                className="submit-container"
                id="blue-section"
              >
                <h2
                  className="heading-style"
                >
                  <div
                    className="row"
                  >
                    <div
                      className="round-icon-wrapper"
                    >
                      <svg
                        className="side-card-icon"
                        fill="currentColor"
                        height="1em"
                        stroke="currentColor"
                        strokeWidth="0"
                        style={
                          Object {
                            "color": undefined,
                          }
                        }
                        viewBox="0 0 512 512"
                        width="1em"
                        xmlns="http://www.w3.org/2000/svg"
                      >
                        <path
                          d="M502.3 190.8c3.9-3.1 9.7-.2 9.7 4.7V400c0 26.5-21.5 48-48 48H48c-26.5 0-48-21.5-48-48V195.6c0-5 5.7-7.8 9.7-4.7 22.4 17.4 52.1 39.5 154.1 113.6 21.1 15.4 56.7 47.8 92.2 47.6 35.7.3 72-32.8 92.3-47.6 102-74.1 131.6-96.3 154-113.7zM256 320c23.2.4 56.6-29.2 73.4-41.4 132.7-96.3 142.8-104.7 173.4-128.7 5.8-4.5 9.2-11.5 9.2-18.9v-19c0-26.5-21.5-48-48-48H48C21.5 64 0 85.5 0 112v19c0 7.4 3.4 14.3 9.2 18.9 30.6 23.9 40.7 32.4 173.4 128.7 16.8 12.2 50.2 41.8 73.4 41.4z"
                        />
                      </svg>
                    </div>
                    <div
                      className="sideCardTitle"
                    >
                      Contact the Criminal Records Review Program
                    </div>
                  </div>
                </h2>
                <div
                  className="submit-content"
                >
                  <span>
                    <div
                      className="side-card-text"
                    >
                      For questions about criminal record checks, contact the Criminal Records Review Program Monday to Friday, 8:30 a.m. - 4:30 p.m.
                    </div>
                    <div
                      className="side-card-text"
                    >
                      <br />
                      <div>
                        <svg
                          fill="currentColor"
                          height="1em"
                          stroke="currentColor"
                          strokeWidth="0"
                          style={
                            Object {
                              "color": undefined,
                            }
                          }
                          viewBox="0 0 512 512"
                          width="1em"
                          xmlns="http://www.w3.org/2000/svg"
                        >
                          <path
                            d="M64 128H32c-17.67 0-32 14.33-32 32v320c0 17.67 14.33 32 32 32h32c17.67 0 32-14.33 32-32V160c0-17.67-14.33-32-32-32zm416 32V77.25c0-8.49-3.37-16.62-9.37-22.63L425.37 9.37c-6-6-14.14-9.37-22.63-9.37H160c-17.67 0-32 14.33-32 32v448c0 17.67 14.33 32 32 32h320c17.67 0 32-14.33 32-32V192c0-17.67-14.33-32-32-32zM288 432c0 8.84-7.16 16-16 16h-32c-8.84 0-16-7.16-16-16v-32c0-8.84 7.16-16 16-16h32c8.84 0 16 7.16 16 16v32zm0-128c0 8.84-7.16 16-16 16h-32c-8.84 0-16-7.16-16-16v-32c0-8.84 7.16-16 16-16h32c8.84 0 16 7.16 16 16v32zm128 128c0 8.84-7.16 16-16 16h-32c-8.84 0-16-7.16-16-16v-32c0-8.84 7.16-16 16-16h32c8.84 0 16 7.16 16 16v32zm0-128c0 8.84-7.16 16-16 16h-32c-8.84 0-16-7.16-16-16v-32c0-8.84 7.16-16 16-16h32c8.84 0 16 7.16 16 16v32zm16-112H176V48h208v32c0 8.84 7.16 16 16 16h32v96z"
                          />
                        </svg>
                         
                        <div
                          className="contact-title"
                        >
                          Fax: 
                        </div>
                        (250)356-1889
                      </div>
                      <div>
                        <svg
                          fill="currentColor"
                          height="1em"
                          stroke="currentColor"
                          strokeWidth="0"
                          style={
                            Object {
                              "color": undefined,
                            }
                          }
                          viewBox="0 0 512 512"
                          width="1em"
                          xmlns="http://www.w3.org/2000/svg"
                        >
                          <path
                            d="M493.4 24.6l-104-24c-11.3-2.6-22.9 3.3-27.5 13.9l-48 112c-4.2 9.8-1.4 21.3 6.9 28l60.6 49.6c-36 76.7-98.9 140.5-177.2 177.2l-49.6-60.6c-6.8-8.3-18.2-11.1-28-6.9l-112 48C3.9 366.5-2 378.1.6 389.4l24 104C27.1 504.2 36.7 512 48 512c256.1 0 464-207.5 464-464 0-11.2-7.7-20.9-18.6-23.4z"
                          />
                        </svg>
                         
                        <div
                          className="contact-title"
                        >
                          Office: 
                        </div>
                        Toll free - 1 855 587-0185 (press option 2)
                      </div>
                      <div>
                        <svg
                          fill="currentColor"
                          height="1em"
                          stroke="currentColor"
                          strokeWidth="0"
                          style={
                            Object {
                              "color": undefined,
                            }
                          }
                          viewBox="0 0 512 512"
                          width="1em"
                          xmlns="http://www.w3.org/2000/svg"
                        >
                          <path
                            d="M502.3 190.8c3.9-3.1 9.7-.2 9.7 4.7V400c0 26.5-21.5 48-48 48H48c-26.5 0-48-21.5-48-48V195.6c0-5 5.7-7.8 9.7-4.7 22.4 17.4 52.1 39.5 154.1 113.6 21.1 15.4 56.7 47.8 92.2 47.6 35.7.3 72-32.8 92.3-47.6 102-74.1 131.6-96.3 154-113.7zM256 320c23.2.4 56.6-29.2 73.4-41.4 132.7-96.3 142.8-104.7 173.4-128.7 5.8-4.5 9.2-11.5 9.2-18.9v-19c0-26.5-21.5-48-48-48H48C21.5 64 0 85.5 0 112v19c0 7.4 3.4 14.3 9.2 18.9 30.6 23.9 40.7 32.4 173.4 128.7 16.8 12.2 50.2 41.8 73.4 41.4z"
                          />
                        </svg>
                          
                        <div
                          className="contact-title"
                        >
                          Email: 
                        </div>
                        <a
                          className="email"
                          href="mailto:criminalrecords@gov.bc.ca"
                        >
                          criminalrecords@gov.bc.ca
                        </a>
                      </div>
                    </div>
                  </span>
                </div>
              </section>
            </div>
          </div>
        </div>
      </div>
      <div>
        <div
          className="wide-dashboard-spacing"
          style={
            Object {
              "position": "relative",
            }
          }
        >
          <div
            className="row"
          >
            <div
              className="col-12"
              style={
                Object {
                  "paddingTop": "30px",
                  "position": "relative",
                }
              }
            >
              <p />
              <section
                className="submit-container"
                id="notice-section"
                style={
                  Object {
                    "backgroundColor": "#F2F2F2",
                    "border": "none",
                    "color": "#000",
                  }
                }
              >
                <h2
                  style={
                    Object {
                      "color": "#000",
                    }
                  }
                >
                  Collection Notice
                </h2>
                <div
                  className="submit-content"
                >
                  <span>
                    <div
                      style={
                        Object {
                          "fontSize": "12px",
                        }
                      }
                    >
                      The Security Programs Division will collect your personal information for the purpose of fulfilling the criminal record check requirements of the Criminal Records Review Act (CRRA) and in accordance with sections 26(a) and (c) of the Freedom of Information and Protection of Privacy Act (FoIPPA) and section 6 of the CRRA . Additionally, SPD may collect personal information under section 26(e) of FoIPPA for the purpose of evaluating the Criminal Records Review Program and activities to better serve you. Should you have any questions about the collection, use, or disclosure of personal information, please contact the Criminal Records Review Program, Security Programs Division via mail to PO Box 9217 Stn Prov Govt Victoria, BC V8W 9J1; email to 
                      <a
                        href="mailto:criminalrecords@gov.bc.ca"
                      >
                        criminalrecords@gov.bc.ca
                      </a>
                       or by telephone at 1- 855-587-0185 (option 2).
                    </div>
                  </span>
                </div>
              </section>
            </div>
          </div>
        </div>
      </div>
    </div>
  </div>
  <footer
    className="footer"
    style={Object {}}
  >
    <nav
      className="navbar navbar-expand-lg navbar-dark"
    >
      <div
        className="container"
      >
        <ul
          className="navbar-nav"
        >
          <li
            className="nav-item"
          >
            <a
              className="nav-link"
              href="https://www2.gov.bc.ca/gov/content/home/disclaimer"
              rel="noopener noreferrer"
              target="_blank"
            >
              Disclaimer
            </a>
          </li>
          <li
            className="nav-item"
          >
            <a
              className="nav-link"
              href="https://www2.gov.bc.ca/gov/content/home/privacy"
              rel="noopener noreferrer"
              target="_blank"
            >
              Privacy
            </a>
          </li>
          <li
            className="nav-item"
          >
            <a
              className="nav-link"
              href="https://www2.gov.bc.ca/gov/content/home/accessibility"
              rel="noopener noreferrer"
              target="_blank"
            >
              Accessibility
            </a>
          </li>
          <li
            className="nav-item"
          >
            <a
              className="nav-link"
              href="https://www2.gov.bc.ca/gov/content/home/copyright"
              rel="noopener noreferrer"
              target="_blank"
            >
              Copyright
            </a>
          </li>
          <li
            className="nav-item"
          >
            <a
              className="nav-link"
              href="https://www2.gov.bc.ca/gov/content/home/contact-us"
              rel="noopener noreferrer"
              target="_blank"
            >
              Contact Us
            </a>
          </li>
        </ul>
      </div>
    </nav>
  </footer>
</main>
`;
