// Jest Snapshot v1, https://goo.gl/fbAQLP

exports[`CriminalRecordSideCard Component Matches the snapshot 1`] = `
<div
  className="dashboard-spacing"
  style={
    Object {
      "position": "relative",
    }
  }
>
  <div
    className="row"
  >
    <div
      className="col-12"
      style={
        Object {
          "paddingTop": "30px",
          "position": "relative",
        }
      }
    >
      <p />
      <section
        className="submit-container"
        id="blue-section"
      >
        <h2
          className="heading-style"
        >
          Why do I need to apply and consent to a criminal record check?
        </h2>
        <div
          className="submit-content"
        >
          <p>
            Learn more about the process
          </p>
          <a
            href="https://www2.gov.bc.ca/gov/content/safety/crime-prevention/criminal-record-check"
          >
            <img
              alt="imagelink"
              height="65px"
              src="/images/visit-criminal-record-site.PNG"
              width="310px"
            />
          </a>
        </div>
      </section>
    </div>
  </div>
</div>
`;
